// Jest Snapshot v1, https://goo.gl/fbAQLP

exports[`Search has a valid snapshot 1`] = `
<div>
  <form>
    <input
      placeholder="Search"
      type="text"
    />
    Â 
    <button
      type="submit"
    >
      Search
    </button>
  </form>
  <br />
  <br />
  <br />
</div>
`;
