// Jest Snapshot v1, https://goo.gl/fbAQLP

exports[`App has a valid snapshot 1`] = `
<div
  className="App"
>
  <div
    className="page"
  >
    <div
      className="intersection"
    >
      <h2>
        سلام؛ به پروژه «هکر نیوز» در React خوش آمدید!
      </h2>
      <div>
        <form
          onSubmit={[Function]}
        >
          <input
            onChange={[Function]}
            placeholder="جستجو..."
            type="text"
            value=""
          />
           
          <button
            type="submit"
          >
            جستجو...
          </button>
        </form>
        <br />
        <br />
        <br />
      </div>
    </div>
  </div>
</div>
`;
